../lvgl/src/widgets/textarea/lv_textarea.c:1056:13:pwd_char_hider_anim	0	static
../lvgl/src/widgets/textarea/lv_textarea.c:1133:13:start_cursor_blink	112	static
../lvgl/src/widgets/textarea/lv_textarea.c:1408:13:draw_cursor	352	static
../lvgl/src/widgets/textarea/lv_textarea.c:940:13:lv_textarea_destructor	8	static
../lvgl/src/widgets/textarea/lv_textarea.c:1034:13:cursor_blink_anim_cb	40	static
../lvgl/src/widgets/textarea/lv_textarea.c:1155:13:refr_cursor_area	96	static
../lvgl/src/widgets/textarea/lv_textarea.c:1491:13:lv_textarea_scroll_to_cusor_pos	32	static
../lvgl/src/widgets/textarea/lv_textarea.c:1016:13:label_event_cb	16	static
../lvgl/src/widgets/textarea/lv_textarea.c:171:12:lv_textarea_create	8	static
../lvgl/src/widgets/textarea/lv_textarea.c:408:6:lv_textarea_set_placeholder_text	32	static
../lvgl/src/widgets/textarea/lv_textarea.c:437:6:lv_textarea_set_cursor_pos	32	static
../lvgl/src/widgets/textarea/lv_textarea.c:899:13:lv_textarea_constructor	16	static
../lvgl/src/widgets/textarea/lv_textarea.c:458:6:lv_textarea_set_cursor_click_pos	32	static
../lvgl/src/widgets/textarea/lv_textarea.c:527:6:lv_textarea_set_one_line	32	static
../lvgl/src/widgets/textarea/lv_textarea.c:551:6:lv_textarea_set_accepted_chars	32	static
../lvgl/src/widgets/textarea/lv_textarea.c:568:6:lv_textarea_set_accepted_chars_static	32	static
../lvgl/src/widgets/textarea/lv_textarea.c:580:6:lv_textarea_set_max_length	32	static
../lvgl/src/widgets/textarea/lv_textarea.c:589:6:lv_textarea_set_insert_replace	32	static
../lvgl/src/widgets/textarea/lv_textarea.c:622:6:lv_textarea_set_align	32	static
../lvgl/src/widgets/textarea/lv_textarea.c:645:14:lv_textarea_get_text	32	static
../lvgl/src/widgets/textarea/lv_textarea.c:662:14:lv_textarea_get_placeholder_text	32	static
../lvgl/src/widgets/textarea/lv_textarea.c:671:12:lv_textarea_get_label	32	static
../lvgl/src/widgets/textarea/lv_textarea.c:679:10:lv_textarea_get_cursor_pos	32	static
../lvgl/src/widgets/textarea/lv_textarea.c:687:6:lv_textarea_get_cursor_click_pos	32	static
../lvgl/src/widgets/textarea/lv_textarea.c:695:6:lv_textarea_get_password_mode	32	static
../lvgl/src/widgets/textarea/lv_textarea.c:703:14:lv_textarea_get_password_bullet	64	static
../lvgl/src/widgets/textarea/lv_textarea.c:1076:13:pwd_char_hider.part.0	40	static
../lvgl/src/widgets/textarea/lv_textarea.c:1066:13:pwd_char_hider_anim_completed	0	static
../lvgl/src/widgets/textarea/lv_textarea.c:613:6:lv_textarea_set_password_show_time	32	static
../lvgl/src/widgets/textarea/lv_textarea.c:1457:13:auto_hide_characters	104	static
../lvgl/src/widgets/textarea/lv_textarea.c:497:6:lv_textarea_set_password_bullet	32	static
../lvgl/src/widgets/textarea/lv_textarea.c:721:6:lv_textarea_get_one_line	32	static
../lvgl/src/widgets/textarea/lv_textarea.c:729:14:lv_textarea_get_accepted_chars	32	static
../lvgl/src/widgets/textarea/lv_textarea.c:738:10:lv_textarea_get_max_length	32	static
../lvgl/src/widgets/textarea/lv_textarea.c:746:6:lv_textarea_text_is_selected	32	static
../lvgl/src/widgets/textarea/lv_textarea.c:766:6:lv_textarea_get_text_selection	32	static
../lvgl/src/widgets/textarea/lv_textarea.c:779:10:lv_textarea_get_password_show_time	32	static
../lvgl/src/widgets/textarea/lv_textarea.c:788:10:lv_textarea_get_current_char	40	static
../lvgl/src/widgets/textarea/lv_textarea.c:805:6:lv_textarea_clear_selection	32	static
../lvgl/src/widgets/textarea/lv_textarea.c:255:6:lv_textarea_add_text	48	static
../lvgl/src/widgets/textarea/lv_textarea.c:1356:20:insert_handler	16	static
../lvgl/src/widgets/textarea/lv_textarea.c:183:6:lv_textarea_add_char	56	static
../lvgl/src/widgets/textarea/lv_textarea.c:305:6:lv_textarea_delete_char	40	static
../lvgl/src/widgets/textarea/lv_textarea.c:349:6:lv_textarea_delete_char_forward	32	static
../lvgl/src/widgets/textarea/lv_textarea.c:362:6:lv_textarea_set_text	48	static
../lvgl/src/widgets/textarea/lv_textarea.c:466:6:lv_textarea_set_password_mode	32	static
../lvgl/src/widgets/textarea/lv_textarea.c:597:6:lv_textarea_set_text_selection	32	static
../lvgl/src/widgets/textarea/lv_textarea.c:822:6:lv_textarea_cursor_right	32	static
../lvgl/src/widgets/textarea/lv_textarea.c:831:6:lv_textarea_cursor_left	32	static
../lvgl/src/widgets/textarea/lv_textarea.c:842:6:lv_textarea_cursor_down	48	static
../lvgl/src/widgets/textarea/lv_textarea.c:871:6:lv_textarea_cursor_up	48	static
../lvgl/src/widgets/textarea/lv_textarea.c:961:13:lv_textarea_event	200	static
