../USB_DEVICE/Target/usbd_conf.c:140:6:HAL_PCD_SetupStageCallback	0	static
../USB_DEVICE/Target/usbd_conf.c:161:6:HAL_PCD_DataOutStageCallback	0	static
../USB_DEVICE/Target/usbd_conf.c:182:6:HAL_PCD_DataInStageCallback	0	static
../USB_DEVICE/Target/usbd_conf.c:202:6:HAL_PCD_SOFCallback	0	static
../USB_DEVICE/Target/usbd_conf.c:222:6:HAL_PCD_ResetCallback	8	static
../USB_DEVICE/Target/usbd_conf.c:253:6:HAL_PCD_SuspendCallback	8	static
../USB_DEVICE/Target/usbd_conf.c:286:6:HAL_PCD_ResumeCallback	0	static
../USB_DEVICE/Target/usbd_conf.c:316:6:HAL_PCD_ISOOUTIncompleteCallback	0	static
../USB_DEVICE/Target/usbd_conf.c:337:6:HAL_PCD_ISOINIncompleteCallback	0	static
../USB_DEVICE/Target/usbd_conf.c:357:6:HAL_PCD_ConnectCallback	0	static
../USB_DEVICE/Target/usbd_conf.c:377:6:HAL_PCD_DisconnectCallback	0	static
../USB_DEVICE/Target/usbd_conf.c:402:20:USBD_LL_Init	16	static
../USB_DEVICE/Target/usbd_conf.c:463:20:USBD_LL_DeInit	8	static
../USB_DEVICE/Target/usbd_conf.c:480:20:USBD_LL_Start	8	static
../USB_DEVICE/Target/usbd_conf.c:497:20:USBD_LL_Stop	8	static
../USB_DEVICE/Target/usbd_conf.c:517:20:USBD_LL_OpenEP	8	static
../USB_DEVICE/Target/usbd_conf.c:535:20:USBD_LL_CloseEP	8	static
../USB_DEVICE/Target/usbd_conf.c:553:20:USBD_LL_FlushEP	8	static
../USB_DEVICE/Target/usbd_conf.c:571:20:USBD_LL_StallEP	8	static
../USB_DEVICE/Target/usbd_conf.c:589:20:USBD_LL_ClearStallEP	8	static
../USB_DEVICE/Target/usbd_conf.c:607:9:USBD_LL_IsStallEP	0	static
../USB_DEVICE/Target/usbd_conf.c:627:20:USBD_LL_SetUSBAddress	8	static
../USB_DEVICE/Target/usbd_conf.c:647:20:USBD_LL_Transmit	8	static
../USB_DEVICE/Target/usbd_conf.c:667:20:USBD_LL_PrepareReceive	8	static
../USB_DEVICE/Target/usbd_conf.c:685:10:USBD_LL_GetRxDataSize	0	static
../USB_DEVICE/Target/usbd_conf.c:695:6:USBD_LL_Delay	0	static
../USB_DEVICE/Target/usbd_conf.c:705:7:USBD_static_malloc	0	static
../USB_DEVICE/Target/usbd_conf.c:716:6:USBD_static_free	0	static
