../lvgl/src/widgets/label/lv_label.c:1357:13:lv_label_revert_dots	4	static
../lvgl/src/widgets/label/lv_label.c:1399:13:set_ofs_y_anim	0	static
../lvgl/src/widgets/label/lv_label.c:1392:13:set_ofs_x_anim	0	static
../lvgl/src/widgets/label/lv_label.c:1427:23:get_label_flags	24	static
../lvgl/src/widgets/label/lv_label.c:769:13:lv_label_destructor	8	static
../lvgl/src/widgets/label/lv_label.c:1445:13:calculate_x_coordinate	16	static
../lvgl/src/widgets/label/lv_label.c:1059:13:lv_label_mark_need_refr_text	8	static
../lvgl/src/widgets/label/lv_label.c:1368:13:lv_label_set_dots	32	static
../lvgl/src/widgets/label/lv_label.c:405:10:lv_label_get_letter_on.part.0	128	static
../lvgl/src/widgets/label/lv_label.c:785:13:lv_label_event	216	static
../lvgl/src/widgets/label/lv_label.c:1091:13:lv_label_refr_text	176	static
../lvgl/src/widgets/label/lv_label.c:1075:13:update_layout_completed_cb	8	static
../lvgl/src/widgets/label/lv_label.c:119:12:lv_label_create	8	static
../lvgl/src/widgets/label/lv_label.c:131:6:lv_label_set_text	40	static
../lvgl/src/widgets/label/lv_label.c:146:6:lv_label_set_text_vfmt	40	static
../lvgl/src/widgets/label/lv_label.c:138:6:lv_label_set_text_fmt	12	static
../lvgl/src/widgets/label/lv_label.c:1463:13:label_text_observer_cb	0	static
../lvgl/src/widgets/label/lv_label.c:173:6:lv_label_set_text_static	32	static
../lvgl/src/widgets/label/lv_label.c:214:6:lv_label_set_long_mode	32	static
../lvgl/src/widgets/label/lv_label.c:737:13:lv_label_constructor	16	static
../lvgl/src/widgets/label/lv_label.c:235:6:lv_label_set_text_selection_start	32	static
../lvgl/src/widgets/label/lv_label.c:249:6:lv_label_set_text_selection_end	32	static
../lvgl/src/widgets/label/lv_label.c:263:6:lv_label_set_recolor	32	static
../lvgl/src/widgets/label/lv_label.c:280:8:lv_label_get_text	32	static
../lvgl/src/widgets/label/lv_label.c:287:22:lv_label_get_long_mode	32	static
../lvgl/src/widgets/label/lv_label.c:294:6:lv_label_get_letter_pos	112	static
../lvgl/src/widgets/label/lv_label.c:405:10:lv_label_get_letter_on	32	static
../lvgl/src/widgets/label/lv_label.c:534:6:lv_label_is_char_under_pos	112	static
../lvgl/src/widgets/label/lv_label.c:617:10:lv_label_get_text_selection_start	32	static
../lvgl/src/widgets/label/lv_label.c:630:10:lv_label_get_text_selection_end	32	static
../lvgl/src/widgets/label/lv_label.c:643:6:lv_label_get_recolor	32	static
../lvgl/src/widgets/label/lv_label.c:656:17:lv_label_bind_text	32	static
../lvgl/src/widgets/label/lv_label.c:689:6:lv_label_ins_text	40	static
../lvgl/src/widgets/label/lv_label.c:715:6:lv_label_cut_text	32	static
