../lvgl/src/widgets/table/lv_table.c:936:16:get_row_height	72	static
../lvgl/src/widgets/table/lv_table.c:1095:13:get_cell_area	40	static
../lvgl/src/widgets/table/lv_table.c:1147:13:scroll_to_selected_cell	32	static
../lvgl/src/widgets/table/lv_table.c:675:13:draw_main	784	static
../lvgl/src/widgets/table/lv_table.c:536:13:lv_table_destructor	24	static
../lvgl/src/widgets/table/lv_table.c:515:13:lv_table_constructor	8	static
../lvgl/src/widgets/table/lv_table.c:902:13:refr_cell_size	96	static
../lvgl/src/widgets/table/lv_table.c:876:13:refr_size_form_row.constprop	88	static
../lvgl/src/widgets/table/lv_table.c:554:13:lv_table_event	40	static
../lvgl/src/widgets/table/lv_table.c:96:12:lv_table_create	8	static
../lvgl/src/widgets/table/lv_table.c:220:6:lv_table_set_row_count	40	static
../lvgl/src/widgets/table/lv_table.c:259:6:lv_table_set_column_count	80	static
../lvgl/src/widgets/table/lv_table.c:108:6:lv_table_set_cell_value	56	static
../lvgl/src/widgets/table/lv_table.c:143:6:lv_table_set_cell_value_fmt	60	static
../lvgl/src/widgets/table/lv_table.c:314:6:lv_table_set_column_width	32	static
../lvgl/src/widgets/table/lv_table.c:327:6:lv_table_set_cell_ctrl	48	static
../lvgl/src/widgets/table/lv_table.c:353:6:lv_table_clear_cell_ctrl	40	static
../lvgl/src/widgets/table/lv_table.c:378:6:lv_table_set_cell_user_data	40	static
../lvgl/src/widgets/table/lv_table.c:403:6:lv_table_set_selected_cell	40	static
../lvgl/src/widgets/table/lv_table.c:427:14:lv_table_get_cell_value	32	static
../lvgl/src/widgets/table/lv_table.c:443:10:lv_table_get_row_count	32	static
../lvgl/src/widgets/table/lv_table.c:451:10:lv_table_get_column_count	32	static
../lvgl/src/widgets/table/lv_table.c:459:9:lv_table_get_column_width	32	static
../lvgl/src/widgets/table/lv_table.c:473:6:lv_table_has_cell_ctrl	32	static
../lvgl/src/widgets/table/lv_table.c:488:6:lv_table_get_selected_cell	0	static
../lvgl/src/widgets/table/lv_table.c:495:8:lv_table_get_cell_user_data	32	static
