../lvgl/src/widgets/buttonmatrix/lv_buttonmatrix.c:877:17:get_button_from_point	96	static
../lvgl/src/widgets/buttonmatrix/lv_buttonmatrix.c:616:13:draw_main	696	static
../lvgl/src/widgets/buttonmatrix/lv_buttonmatrix.c:327:13:lv_buttonmatrix_destructor	8	static
../lvgl/src/widgets/buttonmatrix/lv_buttonmatrix.c:930:13:invalidate_button_area.part.0	72	static
../lvgl/src/widgets/buttonmatrix/lv_buttonmatrix.c:1014:13:update_map	120	static
../lvgl/src/widgets/buttonmatrix/lv_buttonmatrix.c:106:12:lv_buttonmatrix_create	8	static
../lvgl/src/widgets/buttonmatrix/lv_buttonmatrix.c:118:6:lv_buttonmatrix_set_map	40	static
../lvgl/src/widgets/buttonmatrix/lv_buttonmatrix.c:306:13:lv_buttonmatrix_constructor	4	static
../lvgl/src/widgets/buttonmatrix/lv_buttonmatrix.c:134:6:lv_buttonmatrix_set_ctrl_map	32	static
../lvgl/src/widgets/buttonmatrix/lv_buttonmatrix.c:144:6:lv_buttonmatrix_set_selected_button	32	static
../lvgl/src/widgets/buttonmatrix/lv_buttonmatrix.c:177:6:lv_buttonmatrix_clear_button_ctrl	32	static
../lvgl/src/widgets/buttonmatrix/lv_buttonmatrix.c:204:6:lv_buttonmatrix_clear_button_ctrl_all	40	static
../lvgl/src/widgets/buttonmatrix/lv_buttonmatrix.c:157:6:lv_buttonmatrix_set_button_ctrl	32	static
../lvgl/src/widgets/buttonmatrix/lv_buttonmatrix.c:339:13:lv_buttonmatrix_event	48	static
../lvgl/src/widgets/buttonmatrix/lv_buttonmatrix.c:193:6:lv_buttonmatrix_set_button_ctrl_all	48	static
../lvgl/src/widgets/buttonmatrix/lv_buttonmatrix.c:215:6:lv_buttonmatrix_set_button_width	32	static
../lvgl/src/widgets/buttonmatrix/lv_buttonmatrix.c:227:6:lv_buttonmatrix_set_one_checked	32	static
../lvgl/src/widgets/buttonmatrix/lv_buttonmatrix.c:242:22:lv_buttonmatrix_get_map	32	static
../lvgl/src/widgets/buttonmatrix/lv_buttonmatrix.c:250:10:lv_buttonmatrix_get_selected_button	32	static
../lvgl/src/widgets/buttonmatrix/lv_buttonmatrix.c:258:14:lv_buttonmatrix_get_button_text	40	static
../lvgl/src/widgets/buttonmatrix/lv_buttonmatrix.c:283:6:lv_buttonmatrix_has_button_ctrl	32	static
../lvgl/src/widgets/buttonmatrix/lv_buttonmatrix.c:293:6:lv_buttonmatrix_get_one_checked	32	static
