../Middlewares/Third_Party/FreeRTOS/Source/timers.c:1114:17:prvCheckForValidListAndQueue	32	static
../Middlewares/Third_Party/FreeRTOS/Source/timers.c:714:17:prvProcessExpiredTimer	32	static
../Middlewares/Third_Party/FreeRTOS/Source/timers.c:744:12:prvTimerTask	56	static
../Middlewares/Third_Party/FreeRTOS/Source/timers.c:237:16:xTimerCreateTimerTask	40	static
../Middlewares/Third_Party/FreeRTOS/Source/timers.c:336:23:xTimerCreate	24	static
../Middlewares/Third_Party/FreeRTOS/Source/timers.c:370:23:xTimerCreateStatic	40	static
../Middlewares/Third_Party/FreeRTOS/Source/timers.c:448:16:xTimerGenericCommandFromTask	24	static
../Middlewares/Third_Party/FreeRTOS/Source/timers.c:497:16:xTimerGenericCommandFromISR	24	static
../Middlewares/Third_Party/FreeRTOS/Source/timers.c:539:18:xTimerGetTimerDaemonTaskHandle	8	static
../Middlewares/Third_Party/FreeRTOS/Source/timers.c:553:16:xTimerGetPeriod	8	static
../Middlewares/Third_Party/FreeRTOS/Source/timers.c:567:10:vTimerSetReloadMode	16	static
../Middlewares/Third_Party/FreeRTOS/Source/timers.c:592:16:xTimerGetReloadMode	8	static
../Middlewares/Third_Party/FreeRTOS/Source/timers.c:620:17:uxTimerGetReloadMode	8	static
../Middlewares/Third_Party/FreeRTOS/Source/timers.c:634:16:xTimerGetExpiryTime	8	static
../Middlewares/Third_Party/FreeRTOS/Source/timers.c:651:20:xTimerGetStaticBuffer	8	static
../Middlewares/Third_Party/FreeRTOS/Source/timers.c:681:18:pcTimerGetName	8	static
../Middlewares/Third_Party/FreeRTOS/Source/timers.c:1165:16:xTimerIsTimerActive	8	static
../Middlewares/Third_Party/FreeRTOS/Source/timers.c:1194:12:pvTimerGetTimerID	8	static
../Middlewares/Third_Party/FreeRTOS/Source/timers.c:1215:10:vTimerSetTimerID	16	static
../Middlewares/Third_Party/FreeRTOS/Source/timers.c:1236:20:xTimerPendFunctionCallFromISR	40	static
../Middlewares/Third_Party/FreeRTOS/Source/timers.c:1266:20:xTimerPendFunctionCall	32	static
../Middlewares/Third_Party/FreeRTOS/Source/timers.c:1301:21:uxTimerGetTimerNumber	0	static
../Middlewares/Third_Party/FreeRTOS/Source/timers.c:1315:14:vTimerSetTimerNumber	0	static
../Middlewares/Third_Party/FreeRTOS/Source/timers.c:1333:10:vTimerResetState	0	static
