../lvgl/src/widgets/roller/lv_roller.c:912:13:set_y_anim	0	static
../lvgl/src/widgets/roller/lv_roller.c:917:13:transform_vect_recursive	48	static
../lvgl/src/widgets/roller/lv_roller.c:889:16:get_selected_label_width	40	static
../lvgl/src/widgets/roller/lv_roller.c:683:13:get_sel_area	40	static
../lvgl/src/widgets/roller/lv_roller.c:544:13:draw_main	280	static
../lvgl/src/widgets/roller/lv_roller.c:857:13:inf_normalize.part.0	32	static
../lvgl/src/widgets/roller/lv_roller.c:707:13:refr_position	128	static
../lvgl/src/widgets/roller/lv_roller.c:513:13:lv_roller_label_event	232	static
../lvgl/src/widgets/roller/lv_roller.c:906:13:scroll_anim_completed_cb	8	static
../lvgl/src/widgets/roller/lv_roller.c:124:6:lv_roller_set_options.part.0	56	static
../lvgl/src/widgets/roller/lv_roller.c:362:13:lv_roller_constructor	16	static
../lvgl/src/widgets/roller/lv_roller.c:112:12:lv_roller_create	8	static
../lvgl/src/widgets/roller/lv_roller.c:124:6:lv_roller_set_options	32	static
../lvgl/src/widgets/roller/lv_roller.c:186:6:lv_roller_set_selected	32	static
../lvgl/src/widgets/roller/lv_roller.c:384:13:lv_roller_event	56	static
../lvgl/src/widgets/roller/lv_roller.c:220:6:lv_roller_set_selected_str	56	static
../lvgl/src/widgets/roller/lv_roller.c:247:6:lv_roller_set_visible_row_count	48	static
../lvgl/src/widgets/roller/lv_roller.c:261:10:lv_roller_get_selected	32	static
../lvgl/src/widgets/roller/lv_roller.c:956:13:roller_value_observer_cb	16	static
../lvgl/src/widgets/roller/lv_roller.c:948:13:roller_value_changed_event_cb	16	static
../lvgl/src/widgets/roller/lv_roller.c:288:14:lv_roller_get_options	32	static
../lvgl/src/widgets/roller/lv_roller.c:295:10:lv_roller_get_option_count	32	static
../lvgl/src/widgets/roller/lv_roller.c:310:17:lv_roller_bind_value	32	static
../lvgl/src/widgets/roller/lv_roller.c:327:13:lv_roller_get_option_str	40	static
../lvgl/src/widgets/roller/lv_roller.c:275:6:lv_roller_get_selected_str	32	static
