../lvgl/src/widgets/scale/lv_scale.c:1625:13:scale_find_section_tick_idx	56	static
../lvgl/src/widgets/scale/lv_scale.c:1454:13:scale_set_line_properties	32	static
../lvgl/src/widgets/scale/lv_scale.c:1193:13:scale_get_center	48	static
../lvgl/src/widgets/scale/lv_scale.c:1219:13:scale_get_tick_points	184	static
../lvgl/src/widgets/scale/lv_scale.c:957:13:scale_calculate_main_compensation	240	static
../lvgl/src/widgets/scale/lv_scale.c:1386:13:scale_get_label_coords	56	static
../lvgl/src/widgets/scale/lv_scale.c:736:13:scale_draw_indicator	672	static
../lvgl/src/widgets/scale/lv_scale.c:1016:13:scale_draw_main	264	static
../lvgl/src/widgets/scale/lv_scale.c:648:13:lv_scale_destructor	16	static
../lvgl/src/widgets/scale/lv_scale.c:1825:13:scale_free_line_needle_points_cb	8	static
../lvgl/src/widgets/scale/lv_scale.c:1861:13:needle_deleted_cb	24	static
../lvgl/src/widgets/scale/lv_scale.c:618:13:lv_scale_constructor	16	static
../lvgl/src/widgets/scale/lv_scale.c:1836:20:update_needle.isra	56	static
../lvgl/src/widgets/scale/lv_scale.c:1878:13:scale_section_min_value_observer_cb	32	static
../lvgl/src/widgets/scale/lv_scale.c:1884:13:scale_section_max_value_observer_cb	32	static
../lvgl/src/widgets/scale/lv_scale.c:150:12:lv_scale_create	8	static
../lvgl/src/widgets/scale/lv_scale.c:170:6:lv_scale_set_mode	32	static
../lvgl/src/widgets/scale/lv_scale.c:180:6:lv_scale_set_total_tick_count	32	static
../lvgl/src/widgets/scale/lv_scale.c:190:6:lv_scale_set_major_tick_every	32	static
../lvgl/src/widgets/scale/lv_scale.c:200:6:lv_scale_set_label_show	32	static
../lvgl/src/widgets/scale/lv_scale.c:210:6:lv_scale_set_range	32	static
../lvgl/src/widgets/scale/lv_scale.c:221:6:lv_scale_set_min_value	32	static
../lvgl/src/widgets/scale/lv_scale.c:231:6:lv_scale_set_max_value	32	static
../lvgl/src/widgets/scale/lv_scale.c:241:6:lv_scale_set_angle_range	32	static
../lvgl/src/widgets/scale/lv_scale.c:251:6:lv_scale_set_rotation	32	static
../lvgl/src/widgets/scale/lv_scale.c:269:6:lv_scale_set_line_needle_value	88	static
../lvgl/src/widgets/scale/lv_scale.c:353:6:lv_scale_set_image_needle_value	32	static
../lvgl/src/widgets/scale/lv_scale.c:672:13:lv_scale_event	24	static
../lvgl/src/widgets/scale/lv_scale.c:377:6:lv_scale_set_text_src	32	static
../lvgl/src/widgets/scale/lv_scale.c:394:6:lv_scale_set_post_draw	32	static
../lvgl/src/widgets/scale/lv_scale.c:404:6:lv_scale_set_draw_ticks_on_top	32	static
../lvgl/src/widgets/scale/lv_scale.c:414:22:lv_scale_add_section	32	static
../lvgl/src/widgets/scale/lv_scale.c:435:6:lv_scale_set_section_range	32	static
../lvgl/src/widgets/scale/lv_scale.c:444:6:lv_scale_set_section_min_value	32	static
../lvgl/src/widgets/scale/lv_scale.c:454:6:lv_scale_set_section_max_value	32	static
../lvgl/src/widgets/scale/lv_scale.c:464:6:lv_scale_section_set_range	0	static
../lvgl/src/widgets/scale/lv_scale.c:473:6:lv_scale_set_section_style_main	32	static
../lvgl/src/widgets/scale/lv_scale.c:482:6:lv_scale_set_section_style_indicator	32	static
../lvgl/src/widgets/scale/lv_scale.c:491:6:lv_scale_set_section_style_items	32	static
../lvgl/src/widgets/scale/lv_scale.c:500:6:lv_scale_section_set_style	24	static
../lvgl/src/widgets/scale/lv_scale.c:526:17:lv_scale_get_mode	0	static
../lvgl/src/widgets/scale/lv_scale.c:532:9:lv_scale_get_total_tick_count	0	static
../lvgl/src/widgets/scale/lv_scale.c:538:9:lv_scale_get_major_tick_every	0	static
../lvgl/src/widgets/scale/lv_scale.c:544:9:lv_scale_get_rotation	0	static
../lvgl/src/widgets/scale/lv_scale.c:550:6:lv_scale_get_label_show	0	static
../lvgl/src/widgets/scale/lv_scale.c:556:10:lv_scale_get_angle_range	0	static
../lvgl/src/widgets/scale/lv_scale.c:562:9:lv_scale_get_range_min_value	0	static
../lvgl/src/widgets/scale/lv_scale.c:568:9:lv_scale_get_range_max_value	0	static
../lvgl/src/widgets/scale/lv_scale.c:580:17:lv_scale_bind_section_min_value	32	static
../lvgl/src/widgets/scale/lv_scale.c:596:17:lv_scale_bind_section_max_value	32	static
