../lvgl/src/themes/lv_theme.c:134:13:apply_theme	16	static
../lvgl/src/themes/lv_theme.c:145:13:apply_theme_recursion	24	static
../lvgl/src/themes/lv_theme.c:41:15:lv_theme_get_from_obj	8	static
../lvgl/src/themes/lv_theme.c:47:14:lv_theme_create	32	static
../lvgl/src/themes/lv_theme.c:53:6:lv_theme_delete	0	static
../lvgl/src/themes/lv_theme.c:58:6:lv_theme_copy	16	static
../lvgl/src/themes/lv_theme.c:67:6:lv_theme_apply	32	static
../lvgl/src/themes/lv_theme.c:77:6:lv_theme_set_parent	0	static
../lvgl/src/themes/lv_theme.c:82:6:lv_theme_set_apply_cb	0	static
../lvgl/src/themes/lv_theme.c:87:19:lv_theme_get_font_small	8	static
../lvgl/src/themes/lv_theme.c:93:19:lv_theme_get_font_normal	8	static
../lvgl/src/themes/lv_theme.c:99:19:lv_theme_get_font_large	8	static
../lvgl/src/themes/lv_theme.c:105:12:lv_theme_get_color_primary	16	static
../lvgl/src/themes/lv_theme.c:111:12:lv_theme_get_color_secondary	16	static
