../lvgl/src/widgets/arclabel/lv_arclabel.c:673:21:recolor_cmd_get_next.constprop	48	static
../lvgl/src/widgets/arclabel/lv_arclabel.c:552:27:arclabel_calc_arc_text_total_angle	128	static
../lvgl/src/widgets/arclabel/lv_arclabel.c:397:13:lv_arclabel_event	240	static
../lvgl/src/widgets/arclabel/lv_arclabel.c:82:12:lv_arclabel_create	8	static
../lvgl/src/widgets/arclabel/lv_arclabel.c:102:6:lv_arclabel_set_text	40	static
../lvgl/src/widgets/arclabel/lv_arclabel.c:138:6:lv_arclabel_set_text_fmt	44	static
../lvgl/src/widgets/arclabel/lv_arclabel.c:165:6:lv_arclabel_set_text_static	32	static
../lvgl/src/widgets/arclabel/lv_arclabel.c:376:13:lv_arclabel_constructor	8	static
../lvgl/src/widgets/arclabel/lv_arclabel.c:183:6:lv_arclabel_set_angle_start	32	static
../lvgl/src/widgets/arclabel/lv_arclabel.c:192:6:lv_arclabel_set_angle_size	32	static
../lvgl/src/widgets/arclabel/lv_arclabel.c:201:6:lv_arclabel_set_offset	32	static
../lvgl/src/widgets/arclabel/lv_arclabel.c:210:6:lv_arclabel_set_dir	32	static
../lvgl/src/widgets/arclabel/lv_arclabel.c:219:6:lv_arclabel_set_recolor	32	static
../lvgl/src/widgets/arclabel/lv_arclabel.c:227:6:lv_arclabel_set_radius	32	static
../lvgl/src/widgets/arclabel/lv_arclabel.c:236:6:lv_arclabel_set_center_offset_x	32	static
../lvgl/src/widgets/arclabel/lv_arclabel.c:245:6:lv_arclabel_set_center_offset_y	32	static
../lvgl/src/widgets/arclabel/lv_arclabel.c:254:6:lv_arclabel_set_text_vertical_align	32	static
../lvgl/src/widgets/arclabel/lv_arclabel.c:263:6:lv_arclabel_set_text_horizontal_align	32	static
../lvgl/src/widgets/arclabel/lv_arclabel.c:272:6:lv_arclabel_set_overflow	32	static
../lvgl/src/widgets/arclabel/lv_arclabel.c:281:6:lv_arclabel_set_end_overlap	32	static
../lvgl/src/widgets/arclabel/lv_arclabel.c:294:20:lv_arclabel_get_angle_start	32	static
../lvgl/src/widgets/arclabel/lv_arclabel.c:300:20:lv_arclabel_get_angle_size	32	static
../lvgl/src/widgets/arclabel/lv_arclabel.c:307:19:lv_arclabel_get_dir	32	static
../lvgl/src/widgets/arclabel/lv_arclabel.c:313:6:lv_arclabel_get_recolor	32	static
../lvgl/src/widgets/arclabel/lv_arclabel.c:319:10:lv_arclabel_get_radius	32	static
../lvgl/src/widgets/arclabel/lv_arclabel.c:325:10:lv_arclabel_get_center_offset_x	32	static
../lvgl/src/widgets/arclabel/lv_arclabel.c:331:10:lv_arclabel_get_center_offset_y	32	static
../lvgl/src/widgets/arclabel/lv_arclabel.c:337:26:lv_arclabel_get_text_vertical_align	32	static
../lvgl/src/widgets/arclabel/lv_arclabel.c:343:26:lv_arclabel_get_text_horizontal_align	32	static
../lvgl/src/widgets/arclabel/lv_arclabel.c:349:24:lv_arclabel_get_overflow	32	static
../lvgl/src/widgets/arclabel/lv_arclabel.c:355:6:lv_arclabel_get_end_overlap	32	static
../lvgl/src/widgets/arclabel/lv_arclabel.c:361:20:lv_arclabel_get_text_angle	32	static
