../lvgl/src/misc/cache/instance/lv_image_cache.c:146:31:image_cache_compare_cb	8	static
../lvgl/src/misc/cache/instance/lv_image_cache.c:167:13:iter_inspect_cb	56	static
../lvgl/src/misc/cache/instance/lv_image_cache.c:153:13:image_cache_free_cb	8	static
../lvgl/src/misc/cache/instance/lv_image_cache.c:55:13:lv_image_cache_init	32	static
../lvgl/src/misc/cache/instance/lv_image_cache.c:72:6:lv_image_cache_resize	16	static
../lvgl/src/misc/cache/instance/lv_image_cache.c:80:6:lv_image_cache_drop	40	static
../lvgl/src/misc/cache/instance/lv_image_cache.c:101:6:lv_image_cache_is_enabled	0	static
../lvgl/src/misc/cache/instance/lv_image_cache.c:106:13:lv_image_cache_iter_create	0	static
../lvgl/src/misc/cache/instance/lv_image_cache.c:111:6:lv_image_cache_dump	24	static
