../lvgl/src/draw/lv_draw_label.c:595:6:lv_draw_unit_draw_letter.part.0	88	static
../lvgl/src/draw/lv_draw_label.c:63:6:lv_draw_letter_dsc_init	16	static
../lvgl/src/draw/lv_draw_label.c:75:6:lv_draw_label_dsc_init	8	static
../lvgl/src/draw/lv_draw_label.c:90:23:lv_draw_task_get_label_dsc	0	static
../lvgl/src/draw/lv_draw_label.c:95:6:lv_draw_glyph_dsc_init	0	static
../lvgl/src/draw/lv_draw_label.c:100:28:lv_draw_label	160	static
../lvgl/src/draw/lv_draw_label.c:140:28:lv_draw_character	88	static
../lvgl/src/draw/lv_draw_label.c:181:28:lv_draw_letter	80	static
../lvgl/src/draw/lv_draw_label.c:215:6:lv_draw_label_iterate_characters	392	static
../lvgl/src/draw/lv_draw_label.c:595:6:lv_draw_unit_draw_letter	12	static
