../Drivers/STM32H5xx_HAL_Driver/Src/stm32h5xx_hal_xspi.c:3150:13:XSPI_DMACplt	0	static
../Drivers/STM32H5xx_HAL_Driver/Src/stm32h5xx_hal_xspi.c:3308:26:XSPI_ConfigCmd	24	static
../Drivers/STM32H5xx_HAL_Driver/Src/stm32h5xx_hal_xspi.c:502:13:HAL_XSPI_MspInit	0	static
../Drivers/STM32H5xx_HAL_Driver/Src/stm32h5xx_hal_xspi.c:338:19:HAL_XSPI_Init	16	static
../Drivers/STM32H5xx_HAL_Driver/Src/stm32h5xx_hal_xspi.c:560:13:HAL_XSPI_MspDeInit	0	static
../Drivers/STM32H5xx_HAL_Driver/Src/stm32h5xx_hal_xspi.c:517:19:HAL_XSPI_DeInit	8	static
../Drivers/STM32H5xx_HAL_Driver/Src/stm32h5xx_hal_xspi.c:840:19:HAL_XSPI_Command	32	static
../Drivers/STM32H5xx_HAL_Driver/Src/stm32h5xx_hal_xspi.c:976:19:HAL_XSPI_Command_IT	24	static
../Drivers/STM32H5xx_HAL_Driver/Src/stm32h5xx_hal_xspi.c:1065:19:HAL_XSPI_HyperbusCfg	24	static
../Drivers/STM32H5xx_HAL_Driver/Src/stm32h5xx_hal_xspi.c:1116:19:HAL_XSPI_HyperbusCmd	24	static
../Drivers/STM32H5xx_HAL_Driver/Src/stm32h5xx_hal_xspi.c:1182:19:HAL_XSPI_Transmit	24	static
../Drivers/STM32H5xx_HAL_Driver/Src/stm32h5xx_hal_xspi.c:1254:19:HAL_XSPI_Receive	24	static
../Drivers/STM32H5xx_HAL_Driver/Src/stm32h5xx_hal_xspi.c:1344:19:HAL_XSPI_Transmit_IT	12	static
../Drivers/STM32H5xx_HAL_Driver/Src/stm32h5xx_hal_xspi.c:1393:19:HAL_XSPI_Receive_IT	16	static
../Drivers/STM32H5xx_HAL_Driver/Src/stm32h5xx_hal_xspi.c:1465:19:HAL_XSPI_Transmit_DMA	24	static
../Drivers/STM32H5xx_HAL_Driver/Src/stm32h5xx_hal_xspi.c:1648:19:HAL_XSPI_Receive_DMA	32	static
../Drivers/STM32H5xx_HAL_Driver/Src/stm32h5xx_hal_xspi.c:1848:19:HAL_XSPI_AutoPolling	32	static
../Drivers/STM32H5xx_HAL_Driver/Src/stm32h5xx_hal_xspi.c:1929:19:HAL_XSPI_AutoPolling_IT	32	static
../Drivers/STM32H5xx_HAL_Driver/Src/stm32h5xx_hal_xspi.c:2002:19:HAL_XSPI_MemoryMapped	24	static
../Drivers/STM32H5xx_HAL_Driver/Src/stm32h5xx_hal_xspi.c:2060:10:HAL_XSPI_IsMemoryMapped	0	static
../Drivers/STM32H5xx_HAL_Driver/Src/stm32h5xx_hal_xspi.c:2083:13:HAL_XSPI_ErrorCallback	0	static
../Drivers/STM32H5xx_HAL_Driver/Src/stm32h5xx_hal_xspi.c:2098:13:HAL_XSPI_AbortCpltCallback	0	static
../Drivers/STM32H5xx_HAL_Driver/Src/stm32h5xx_hal_xspi.c:3226:13:XSPI_DMAAbortCplt	8	static
../Drivers/STM32H5xx_HAL_Driver/Src/stm32h5xx_hal_xspi.c:2545:19:HAL_XSPI_Abort_IT.part.0	16	static
../Drivers/STM32H5xx_HAL_Driver/Src/stm32h5xx_hal_xspi.c:3195:13:XSPI_DMAError	8	static
../Drivers/STM32H5xx_HAL_Driver/Src/stm32h5xx_hal_xspi.c:2113:13:HAL_XSPI_FifoThresholdCallback	0	static
../Drivers/STM32H5xx_HAL_Driver/Src/stm32h5xx_hal_xspi.c:2128:13:HAL_XSPI_CmdCpltCallback	0	static
../Drivers/STM32H5xx_HAL_Driver/Src/stm32h5xx_hal_xspi.c:2143:13:HAL_XSPI_RxCpltCallback	0	static
../Drivers/STM32H5xx_HAL_Driver/Src/stm32h5xx_hal_xspi.c:2158:13:HAL_XSPI_TxCpltCallback	0	static
../Drivers/STM32H5xx_HAL_Driver/Src/stm32h5xx_hal_xspi.c:2173:13:HAL_XSPI_RxHalfCpltCallback	0	static
../Drivers/STM32H5xx_HAL_Driver/Src/stm32h5xx_hal_xspi.c:2188:13:HAL_XSPI_TxHalfCpltCallback	0	static
../Drivers/STM32H5xx_HAL_Driver/Src/stm32h5xx_hal_xspi.c:3167:13:XSPI_DMAHalfCplt	8	static
../Drivers/STM32H5xx_HAL_Driver/Src/stm32h5xx_hal_xspi.c:2203:13:HAL_XSPI_StatusMatchCallback	0	static
../Drivers/STM32H5xx_HAL_Driver/Src/stm32h5xx_hal_xspi.c:2218:13:HAL_XSPI_TimeOutCallback	0	static
../Drivers/STM32H5xx_HAL_Driver/Src/stm32h5xx_hal_xspi.c:600:6:HAL_XSPI_IRQHandler	16	static
../Drivers/STM32H5xx_HAL_Driver/Src/stm32h5xx_hal_xspi.c:2469:19:HAL_XSPI_Abort	16	static
../Drivers/STM32H5xx_HAL_Driver/Src/stm32h5xx_hal_xspi.c:2545:19:HAL_XSPI_Abort_IT	8	static
../Drivers/STM32H5xx_HAL_Driver/Src/stm32h5xx_hal_xspi.c:2637:19:HAL_XSPI_SetFifoThreshold	4	static
../Drivers/STM32H5xx_HAL_Driver/Src/stm32h5xx_hal_xspi.c:2666:10:HAL_XSPI_GetFifoThreshold	0	static
../Drivers/STM32H5xx_HAL_Driver/Src/stm32h5xx_hal_xspi.c:2676:19:HAL_XSPI_SetMemoryType	4	static
../Drivers/STM32H5xx_HAL_Driver/Src/stm32h5xx_hal_xspi.c:2705:19:HAL_XSPI_SetDeviceSize	4	static
../Drivers/STM32H5xx_HAL_Driver/Src/stm32h5xx_hal_xspi.c:2735:19:HAL_XSPI_SetClockPrescaler	4	static
../Drivers/STM32H5xx_HAL_Driver/Src/stm32h5xx_hal_xspi.c:2764:19:HAL_XSPI_SetTimeout	0	static
../Drivers/STM32H5xx_HAL_Driver/Src/stm32h5xx_hal_xspi.c:2775:10:HAL_XSPI_GetError	0	static
../Drivers/STM32H5xx_HAL_Driver/Src/stm32h5xx_hal_xspi.c:2785:10:HAL_XSPI_GetState	0	static
../Drivers/STM32H5xx_HAL_Driver/Src/stm32h5xx_hal_xspi.c:3006:19:HAL_XSPI_DLYB_SetConfig	16	static
../Drivers/STM32H5xx_HAL_Driver/Src/stm32h5xx_hal_xspi.c:3056:19:HAL_XSPI_DLYB_GetConfig	8	static
../Drivers/STM32H5xx_HAL_Driver/Src/stm32h5xx_hal_xspi.c:3086:19:HAL_XSPI_DLYB_GetClockPeriod	16	static
