../Drivers/STM32H5xx_HAL_Driver/Src/stm32h5xx_hal_rng.c:356:13:HAL_RNG_MspInit	0	static
../Drivers/STM32H5xx_HAL_Driver/Src/stm32h5xx_hal_rng.c:154:19:HAL_RNG_Init	16	static
../Drivers/STM32H5xx_HAL_Driver/Src/stm32h5xx_hal_rng.c:371:13:HAL_RNG_MspDeInit	0	static
../Drivers/STM32H5xx_HAL_Driver/Src/stm32h5xx_hal_rng.c:282:19:HAL_RNG_DeInit	16	static
../Drivers/STM32H5xx_HAL_Driver/Src/stm32h5xx_hal_rng.c:732:19:HAL_RNG_GenerateRandomNumber_IT	0	static
../Drivers/STM32H5xx_HAL_Driver/Src/stm32h5xx_hal_rng.c:872:10:HAL_RNG_ReadLastRandomNumber	0	static
../Drivers/STM32H5xx_HAL_Driver/Src/stm32h5xx_hal_rng.c:889:13:HAL_RNG_ReadyDataCallback	0	static
../Drivers/STM32H5xx_HAL_Driver/Src/stm32h5xx_hal_rng.c:905:13:HAL_RNG_ErrorCallback	0	static
../Drivers/STM32H5xx_HAL_Driver/Src/stm32h5xx_hal_rng.c:781:6:HAL_RNG_IRQHandler	8	static
../Drivers/STM32H5xx_HAL_Driver/Src/stm32h5xx_hal_rng.c:939:22:HAL_RNG_GetState	0	static
../Drivers/STM32H5xx_HAL_Driver/Src/stm32h5xx_hal_rng.c:949:10:HAL_RNG_GetError	0	static
../Drivers/STM32H5xx_HAL_Driver/Src/stm32h5xx_hal_rng.c:971:19:RNG_RecoverSeedError	16	static
../Drivers/STM32H5xx_HAL_Driver/Src/stm32h5xx_hal_rng.c:638:19:HAL_RNG_GenerateRandomNumber	24	static
