../Drivers/STM32H5xx_HAL_Driver/Src/stm32h5xx_hal_dma_ex.c:4300:17:DMA_List_FindNode	28	static
../Drivers/STM32H5xx_HAL_Driver/Src/stm32h5xx_hal_dma_ex.c:4616:13:DMA_List_UpdateDynamicQueueNodesCLLR	48	static
../Drivers/STM32H5xx_HAL_Driver/Src/stm32h5xx_hal_dma_ex.c:4692:13:DMA_List_UpdateStaticQueueNodesCLLR	28	static
../Drivers/STM32H5xx_HAL_Driver/Src/stm32h5xx_hal_dma_ex.c:604:19:HAL_DMAEx_List_Init	16	static
../Drivers/STM32H5xx_HAL_Driver/Src/stm32h5xx_hal_dma_ex.c:673:19:HAL_DMAEx_List_DeInit	24	static
../Drivers/STM32H5xx_HAL_Driver/Src/stm32h5xx_hal_dma_ex.c:815:19:HAL_DMAEx_List_Start	4	static
../Drivers/STM32H5xx_HAL_Driver/Src/stm32h5xx_hal_dma_ex.c:883:19:HAL_DMAEx_List_Start_IT	4	static
../Drivers/STM32H5xx_HAL_Driver/Src/stm32h5xx_hal_dma_ex.c:1057:19:HAL_DMAEx_List_BuildNode	20	static
../Drivers/STM32H5xx_HAL_Driver/Src/stm32h5xx_hal_dma_ex.c:1128:19:HAL_DMAEx_List_GetNodeConfig	8	static
../Drivers/STM32H5xx_HAL_Driver/Src/stm32h5xx_hal_dma_ex.c:1152:19:HAL_DMAEx_List_InsertNode	48	static
../Drivers/STM32H5xx_HAL_Driver/Src/stm32h5xx_hal_dma_ex.c:1282:19:HAL_DMAEx_List_InsertNode_Head	4	static
../Drivers/STM32H5xx_HAL_Driver/Src/stm32h5xx_hal_dma_ex.c:1361:19:HAL_DMAEx_List_InsertNode_Tail	48	static
../Drivers/STM32H5xx_HAL_Driver/Src/stm32h5xx_hal_dma_ex.c:1448:19:HAL_DMAEx_List_RemoveNode	56	static
../Drivers/STM32H5xx_HAL_Driver/Src/stm32h5xx_hal_dma_ex.c:1589:19:HAL_DMAEx_List_RemoveNode_Head	48	static
../Drivers/STM32H5xx_HAL_Driver/Src/stm32h5xx_hal_dma_ex.c:1686:19:HAL_DMAEx_List_RemoveNode_Tail	48	static
../Drivers/STM32H5xx_HAL_Driver/Src/stm32h5xx_hal_dma_ex.c:1781:19:HAL_DMAEx_List_ReplaceNode	56	static
../Drivers/STM32H5xx_HAL_Driver/Src/stm32h5xx_hal_dma_ex.c:1944:19:HAL_DMAEx_List_ReplaceNode_Head	48	static
../Drivers/STM32H5xx_HAL_Driver/Src/stm32h5xx_hal_dma_ex.c:2041:19:HAL_DMAEx_List_ReplaceNode_Tail	48	static
../Drivers/STM32H5xx_HAL_Driver/Src/stm32h5xx_hal_dma_ex.c:2132:19:HAL_DMAEx_List_ResetQ	16	static
../Drivers/STM32H5xx_HAL_Driver/Src/stm32h5xx_hal_dma_ex.c:2204:19:HAL_DMAEx_List_InsertQ	80	static
../Drivers/STM32H5xx_HAL_Driver/Src/stm32h5xx_hal_dma_ex.c:2412:19:HAL_DMAEx_List_InsertQ_Head	72	static
../Drivers/STM32H5xx_HAL_Driver/Src/stm32h5xx_hal_dma_ex.c:2549:19:HAL_DMAEx_List_InsertQ_Tail	72	static
../Drivers/STM32H5xx_HAL_Driver/Src/stm32h5xx_hal_dma_ex.c:2685:19:HAL_DMAEx_List_SetCircularModeConfig	48	static
../Drivers/STM32H5xx_HAL_Driver/Src/stm32h5xx_hal_dma_ex.c:2780:19:HAL_DMAEx_List_SetCircularMode	48	static
../Drivers/STM32H5xx_HAL_Driver/Src/stm32h5xx_hal_dma_ex.c:2863:19:HAL_DMAEx_List_ClearCircularMode	40	static
../Drivers/STM32H5xx_HAL_Driver/Src/stm32h5xx_hal_dma_ex.c:2934:19:HAL_DMAEx_List_ConvertQToDynamic	160	static
../Drivers/STM32H5xx_HAL_Driver/Src/stm32h5xx_hal_dma_ex.c:3036:19:HAL_DMAEx_List_ConvertQToStatic	144	static
../Drivers/STM32H5xx_HAL_Driver/Src/stm32h5xx_hal_dma_ex.c:3113:19:HAL_DMAEx_List_LinkQ	4	static
../Drivers/STM32H5xx_HAL_Driver/Src/stm32h5xx_hal_dma_ex.c:3200:19:HAL_DMAEx_List_UnLinkQ	0	static
../Drivers/STM32H5xx_HAL_Driver/Src/stm32h5xx_hal_dma_ex.c:3275:19:HAL_DMAEx_ConfigDataHandling	8	static
../Drivers/STM32H5xx_HAL_Driver/Src/stm32h5xx_hal_dma_ex.c:3321:19:HAL_DMAEx_ConfigTrigger	8	static
../Drivers/STM32H5xx_HAL_Driver/Src/stm32h5xx_hal_dma_ex.c:3372:19:HAL_DMAEx_ConfigRepeatBlock	8	static
../Drivers/STM32H5xx_HAL_Driver/Src/stm32h5xx_hal_dma_ex.c:3517:19:HAL_DMAEx_Suspend	16	static
../Drivers/STM32H5xx_HAL_Driver/Src/stm32h5xx_hal_dma_ex.c:3576:19:HAL_DMAEx_Suspend_IT	0	static
../Drivers/STM32H5xx_HAL_Driver/Src/stm32h5xx_hal_dma_ex.c:3610:19:HAL_DMAEx_Resume	0	static
../Drivers/STM32H5xx_HAL_Driver/Src/stm32h5xx_hal_dma_ex.c:3671:10:HAL_DMAEx_GetFifoLevel	0	static
