../Drivers/STM32H5xx_HAL_Driver/Src/stm32h5xx_ll_usb.c:2446:19:USB_CoreInit	0	static
../Drivers/STM32H5xx_HAL_Driver/Src/stm32h5xx_ll_usb.c:2471:19:USB_EnableGlobalInt	0	static
../Drivers/STM32H5xx_HAL_Driver/Src/stm32h5xx_ll_usb.c:2496:19:USB_DisableGlobalInt	0	static
../Drivers/STM32H5xx_HAL_Driver/Src/stm32h5xx_ll_usb.c:2520:19:USB_SetCurrentMode	0	static
../Drivers/STM32H5xx_HAL_Driver/Src/stm32h5xx_ll_usb.c:2546:19:USB_DevInit	0	static
../Drivers/STM32H5xx_HAL_Driver/Src/stm32h5xx_ll_usb.c:2576:19:USB_FlushTxFifo	0	static
../Drivers/STM32H5xx_HAL_Driver/Src/stm32h5xx_ll_usb.c:2595:19:USB_FlushRxFifo	0	static
../Drivers/STM32H5xx_HAL_Driver/Src/stm32h5xx_ll_usb.c:2616:19:USB_ActivateEndpoint	16	static
../Drivers/STM32H5xx_HAL_Driver/Src/stm32h5xx_ll_usb.c:2753:19:USB_DeactivateEndpoint	4	static
../Drivers/STM32H5xx_HAL_Driver/Src/stm32h5xx_ll_usb.c:3026:19:USB_EPSetStall	0	static
../Drivers/STM32H5xx_HAL_Driver/Src/stm32h5xx_ll_usb.c:3046:19:USB_EPClearStall	4	static
../Drivers/STM32H5xx_HAL_Driver/Src/stm32h5xx_ll_usb.c:3075:19:USB_EPStopXfer	0	static
../Drivers/STM32H5xx_HAL_Driver/Src/stm32h5xx_ll_usb.c:3120:19:USB_StopDevice	4	static
../Drivers/STM32H5xx_HAL_Driver/Src/stm32h5xx_ll_usb.c:3141:20:USB_SetDevAddress	0	static
../Drivers/STM32H5xx_HAL_Driver/Src/stm32h5xx_ll_usb.c:3157:20:USB_DevConnect	0	static
../Drivers/STM32H5xx_HAL_Driver/Src/stm32h5xx_ll_usb.c:3170:20:USB_DevDisconnect	0	static
../Drivers/STM32H5xx_HAL_Driver/Src/stm32h5xx_ll_usb.c:3183:10:USB_ReadInterrupts	0	static
../Drivers/STM32H5xx_HAL_Driver/Src/stm32h5xx_ll_usb.c:3196:19:USB_ActivateRemoteWakeup	0	static
../Drivers/STM32H5xx_HAL_Driver/Src/stm32h5xx_ll_usb.c:3208:19:USB_DeActivateRemoteWakeup	0	static
../Drivers/STM32H5xx_HAL_Driver/Src/stm32h5xx_ll_usb.c:3223:6:USB_WritePMA	12	static
../Drivers/STM32H5xx_HAL_Driver/Src/stm32h5xx_ll_usb.c:2812:19:USB_EPStartXfer	32	static
../Drivers/STM32H5xx_HAL_Driver/Src/stm32h5xx_ll_usb.c:3280:6:USB_ReadPMA	12	static
../Drivers/STM32H5xx_HAL_Driver/Src/stm32h5xx_ll_usb.c:3332:10:USB_GetCurrentFrame	0	static
../Drivers/STM32H5xx_HAL_Driver/Src/stm32h5xx_ll_usb.c:3350:19:USB_HostInit	0	static
../Drivers/STM32H5xx_HAL_Driver/Src/stm32h5xx_ll_usb.c:3384:19:USB_ResetPort	8	static
../Drivers/STM32H5xx_HAL_Driver/Src/stm32h5xx_ll_usb.c:3404:10:USB_GetHostSpeed	0	static
../Drivers/STM32H5xx_HAL_Driver/Src/stm32h5xx_ll_usb.c:3827:19:USB_StopHost	0	static
