../Drivers/STM32H5xx_HAL_Driver/Src/stm32h5xx_hal_sdio.c:2528:26:SDIO_InitCard	24	static
../Drivers/STM32H5xx_HAL_Driver/Src/stm32h5xx_hal_sdio.c:472:13:HAL_SDIO_MspInit	0	static
../Drivers/STM32H5xx_HAL_Driver/Src/stm32h5xx_hal_sdio.c:313:19:HAL_SDIO_Init	56	static
../Drivers/STM32H5xx_HAL_Driver/Src/stm32h5xx_hal_sdio.c:487:13:HAL_SDIO_MspDeInit	0	static
../Drivers/STM32H5xx_HAL_Driver/Src/stm32h5xx_hal_sdio.c:434:19:HAL_SDIO_DeInit	8	static
../Drivers/STM32H5xx_HAL_Driver/Src/stm32h5xx_hal_sdio.c:523:19:HAL_SDIO_SetDataBusWidth	24	static
../Drivers/STM32H5xx_HAL_Driver/Src/stm32h5xx_hal_sdio.c:562:19:HAL_SDIO_ConfigFrequency	16	static
../Drivers/STM32H5xx_HAL_Driver/Src/stm32h5xx_hal_sdio.c:605:19:HAL_SDIO_SetBlockSize	64	static
../Drivers/STM32H5xx_HAL_Driver/Src/stm32h5xx_hal_sdio.c:641:19:HAL_SDIO_SetSpeedMode	24	static
../Drivers/STM32H5xx_HAL_Driver/Src/stm32h5xx_hal_sdio.c:688:19:HAL_SDIO_CardReset	24	static
../Drivers/STM32H5xx_HAL_Driver/Src/stm32h5xx_hal_sdio.c:726:19:HAL_SDIO_GetCardCommonControlRegister	280	static
../Drivers/STM32H5xx_HAL_Driver/Src/stm32h5xx_hal_sdio.c:767:19:HAL_SDIO_GetCardFBRRegister	296	static
../Drivers/STM32H5xx_HAL_Driver/Src/stm32h5xx_hal_sdio.c:833:19:HAL_SDIO_ReadDirect	24	static
../Drivers/STM32H5xx_HAL_Driver/Src/stm32h5xx_hal_sdio.c:899:19:HAL_SDIO_WriteDirect	32	static
../Drivers/STM32H5xx_HAL_Driver/Src/stm32h5xx_hal_sdio.c:964:19:HAL_SDIO_ReadExtended	64	static,ignoring_inline_asm
../Drivers/STM32H5xx_HAL_Driver/Src/stm32h5xx_hal_sdio.c:1180:19:HAL_SDIO_WriteExtended	56	static,ignoring_inline_asm
../Drivers/STM32H5xx_HAL_Driver/Src/stm32h5xx_hal_sdio.c:1380:19:HAL_SDIO_ReadExtended_DMA	56	static,ignoring_inline_asm
../Drivers/STM32H5xx_HAL_Driver/Src/stm32h5xx_hal_sdio.c:1512:19:HAL_SDIO_WriteExtended_DMA	48	static,ignoring_inline_asm
../Drivers/STM32H5xx_HAL_Driver/Src/stm32h5xx_hal_sdio.c:1770:13:HAL_SDIO_TxCpltCallback	0	static
../Drivers/STM32H5xx_HAL_Driver/Src/stm32h5xx_hal_sdio.c:1785:13:HAL_SDIO_RxCpltCallback	0	static
../Drivers/STM32H5xx_HAL_Driver/Src/stm32h5xx_hal_sdio.c:1800:13:HAL_SDIO_ErrorCallback	0	static
../Drivers/STM32H5xx_HAL_Driver/Src/stm32h5xx_hal_sdio.c:1670:6:HAL_SDIO_IRQHandler	40	static
../Drivers/STM32H5xx_HAL_Driver/Src/stm32h5xx_hal_sdio.c:1816:13:HAL_SDIO_IOFunctionCallback	0	static
../Drivers/STM32H5xx_HAL_Driver/Src/stm32h5xx_hal_sdio.c:2073:19:HAL_SDIO_RegisterIdentifyCardCallback	0	static
../Drivers/STM32H5xx_HAL_Driver/Src/stm32h5xx_hal_sdio.c:2113:23:HAL_SDIO_GetState	0	static
../Drivers/STM32H5xx_HAL_Driver/Src/stm32h5xx_hal_sdio.c:2123:10:HAL_SDIO_GetError	0	static
../Drivers/STM32H5xx_HAL_Driver/Src/stm32h5xx_hal_sdio.c:2152:19:HAL_SDIO_EnableIOFunctionInterrupt	24	static
../Drivers/STM32H5xx_HAL_Driver/Src/stm32h5xx_hal_sdio.c:2202:19:HAL_SDIO_DisableIOFunctionInterrupt	40	static
../Drivers/STM32H5xx_HAL_Driver/Src/stm32h5xx_hal_sdio.c:2256:19:HAL_SDIO_EnableIOFunction	40	static
../Drivers/STM32H5xx_HAL_Driver/Src/stm32h5xx_hal_sdio.c:2310:19:HAL_SDIO_DisableIOFunction	40	static
../Drivers/STM32H5xx_HAL_Driver/Src/stm32h5xx_hal_sdio.c:2353:19:HAL_SDIO_SelectIOFunction	24	static
../Drivers/STM32H5xx_HAL_Driver/Src/stm32h5xx_hal_sdio.c:2380:19:HAL_SDIO_AbortIOFunction	24	static
../Drivers/STM32H5xx_HAL_Driver/Src/stm32h5xx_hal_sdio.c:2406:19:HAL_SDIO_EnableIOAsynInterrupt	24	static
../Drivers/STM32H5xx_HAL_Driver/Src/stm32h5xx_hal_sdio.c:2449:19:HAL_SDIO_DisableIOAsynInterrupt	24	static
../Drivers/STM32H5xx_HAL_Driver/Src/stm32h5xx_hal_sdio.c:2493:19:HAL_SDIO_RegisterIOFunctionCallback	4	static
