../lvgl/src/widgets/span/lv_span.c:926:13:lv_text_get_snippet	40	static
../lvgl/src/widgets/span/lv_span.c:840:13:lv_spangroup_destructor	16	static
../lvgl/src/widgets/span/lv_span.c:827:13:lv_spangroup_constructor	8	static
../lvgl/src/widgets/span/lv_span.c:211:6:lv_span_set_text.part.0	32	static
../lvgl/src/widgets/span/lv_span.c:1446:25:make_span_coords.constprop.isra	88	static
../lvgl/src/widgets/span/lv_span.c:140:6:lv_span_stack_init	32	static
../lvgl/src/widgets/span/lv_span.c:149:6:lv_span_stack_deinit	0	static
../lvgl/src/widgets/span/lv_span.c:154:12:lv_spangroup_create	8	static
../lvgl/src/widgets/span/lv_span.c:161:13:lv_spangroup_add_span	32	static
../lvgl/src/widgets/span/lv_span.c:181:6:lv_spangroup_delete_span	24	static
../lvgl/src/widgets/span/lv_span.c:211:6:lv_span_set_text	0	static
../lvgl/src/widgets/span/lv_span.c:245:6:lv_span_set_text_fmt	36	static
../lvgl/src/widgets/span/lv_span.c:271:6:lv_spangroup_set_span_text	8	static
../lvgl/src/widgets/span/lv_span.c:277:6:lv_span_set_text_static	16	static
../lvgl/src/widgets/span/lv_span.c:300:6:lv_spangroup_set_span_text_static	16	static
../lvgl/src/widgets/span/lv_span.c:306:6:lv_spangroup_set_span_text_fmt	40	static
../lvgl/src/widgets/span/lv_span.c:1496:13:span_text_observer_cb	8	static
../lvgl/src/widgets/span/lv_span.c:333:6:lv_spangroup_set_span_style	32	static
../lvgl/src/widgets/span/lv_span.c:343:6:lv_spangroup_set_align	24	static
../lvgl/src/widgets/span/lv_span.c:350:6:lv_spangroup_set_overflow	32	static
../lvgl/src/widgets/span/lv_span.c:360:6:lv_spangroup_set_indent	32	static
../lvgl/src/widgets/span/lv_span.c:371:6:lv_spangroup_set_mode	40	static
../lvgl/src/widgets/span/lv_span.c:402:6:lv_spangroup_set_max_lines	32	static
../lvgl/src/widgets/span/lv_span.c:415:14:lv_span_get_style	0	static
../lvgl/src/widgets/span/lv_span.c:420:14:lv_span_get_text	0	static
../lvgl/src/widgets/span/lv_span.c:425:13:lv_spangroup_get_child	16	static
../lvgl/src/widgets/span/lv_span.c:462:10:lv_spangroup_get_span_count	32	static
../lvgl/src/widgets/span/lv_span.c:475:17:lv_spangroup_get_align	16	static
../lvgl/src/widgets/span/lv_span.c:480:20:lv_spangroup_get_overflow	32	static
../lvgl/src/widgets/span/lv_span.c:487:9:lv_spangroup_get_indent	32	static
../lvgl/src/widgets/span/lv_span.c:494:16:lv_spangroup_get_mode	40	static
../lvgl/src/widgets/span/lv_span.c:512:9:lv_spangroup_get_max_lines	32	static
../lvgl/src/widgets/span/lv_span.c:520:9:lv_spangroup_get_max_line_height	48	static
../lvgl/src/widgets/span/lv_span.c:538:10:lv_spangroup_get_expand_width	80	static
../lvgl/src/widgets/span/lv_span.c:573:9:lv_spangroup_get_expand_height	144	static
../lvgl/src/widgets/span/lv_span.c:857:13:lv_spangroup_event	368	static
../lvgl/src/widgets/span/lv_span.c:695:18:lv_spangroup_get_span_coords	64	static
../lvgl/src/widgets/span/lv_span.c:727:13:lv_spangroup_get_span_by_point	112	static
../lvgl/src/widgets/span/lv_span.c:767:6:lv_spangroup_refresh	8	static
../lvgl/src/widgets/span/lv_span.c:776:17:lv_spangroup_bind_span_text	40	static
