../App/src/ILI9488.c:421:6:ILI9488_Draw_Pixel.part.0	32	static
../App/src/ILI9488.c:117:9:ILI9488_GetDirection	0	static
../App/src/ILI9488.c:123:6:ILI9488_SPI_Send	16	static
../App/src/ILI9488.c:129:6:ILI9488_Write_Command	16	static
../App/src/ILI9488.c:138:6:ILI9488_Write_Data	16	static
../App/src/ILI9488.c:147:6:ILI9488_Set_Address	24	static
../App/src/ILI9488.c:165:6:ILI9488_Reset	8	static
../App/src/ILI9488.c:176:6:ILI9488_Set_Rotation	8	static
../App/src/ILI9488.c:212:10:ILI9488_GetWidth	0	static
../App/src/ILI9488.c:217:10:ILI9488_GetHeight	0	static
../App/src/ILI9488.c:337:6:ILI9488_Draw_Colour	16	static
../App/src/ILI9488.c:350:6:ILI9488_Draw_Colour_Burst	632	dynamic
../App/src/ILI9488.c:224:6:ILI9488_Init	16	static
../App/src/ILI9488.c:400:6:ILI9488_Fill_Screen	16	static
../App/src/ILI9488.c:406:6:ILI9488_Fill_Pixel	40	static
../App/src/ILI9488.c:421:6:ILI9488_Draw_Pixel	0	static
../App/src/ILI9488.c:471:6:ILI9488_Draw_Fill_Rectangle	24	static
../App/src/ILI9488.c:489:6:ILI9488_Draw_Horizontal_Line	16	static
../App/src/ILI9488.c:502:6:ILI9488_Draw_Vertical_Line	16	static
../App/src/ILI9488.c:516:6:ILI9488_Draw_line	56	static
../App/src/ILI9488.c:563:6:ILI9488_Draw_Rectangle	32	static
../App/src/ILI9488.c:571:6:ILI9488_Draw_Circle	72	static
../App/src/ILI9488.c:606:6:ILI9488_DrawTriangle	40	static
../App/src/ILI9488.c:614:6:ILI9488_DrawFilledTriangle	72	static
../App/src/ILI9488.c:671:6:ILI9488_DrawFilledCircle	64	static
../App/src/ILI9488.c:705:6:ILI9488_SetTextColor	0	static
../App/src/ILI9488.c:710:6:ILI9488_SetBackgroundColor	0	static
../App/src/ILI9488.c:715:6:ILI9488_Flush	24	static
../App/src/ILI9488.c:735:6:ILI9488_Flush_DMA	16	static
../App/src/ILI9488.c:752:6:ILI9488_Flush_End_DMA	8	static
