../USB_DEVICE/App/usbd_cdc_if.c:195:15:CDC_DeInit_FS	0	static
../USB_DEVICE/App/usbd_cdc_if.c:215:15:CDC_Control_FS	4	static
../USB_DEVICE/App/usbd_cdc_if.c:292:15:CDC_Receive_FS	0	static
../USB_DEVICE/App/usbd_cdc_if.c:338:15:CDC_TransmitCplt_FS	0	static
../USB_DEVICE/App/usbd_cdc_if.c:171:15:CDC_Init_FS	8	static
../USB_DEVICE/App/usbd_cdc_if.c:311:9:CDC_Transmit_FS	8	static
../USB_DEVICE/App/usbd_cdc_if.c:355:6:HAL_UART_TxCpltCallback	0	static
../USB_DEVICE/App/usbd_cdc_if.c:450:6:TIM_Config	0	static
../USB_DEVICE/App/usbd_cdc_if.c:466:6:HAL_UART_ErrorCallback	0	static
