../lvgl/src/core/lv_obj_scroll.c:700:13:scroll_end_cb	0	static
../lvgl/src/core/lv_obj_scroll.c:62:6:lv_obj_set_scrollbar_mode	32	static
../lvgl/src/core/lv_obj_scroll.c:73:6:lv_obj_set_scroll_dir	16	static
../lvgl/src/core/lv_obj_scroll.c:82:6:lv_obj_set_scroll_snap_x	16	static
../lvgl/src/core/lv_obj_scroll.c:88:6:lv_obj_set_scroll_snap_y	16	static
../lvgl/src/core/lv_obj_scroll.c:98:21:lv_obj_get_scrollbar_mode	0	static
../lvgl/src/core/lv_obj_scroll.c:104:10:lv_obj_get_scroll_dir	0	static
../lvgl/src/core/lv_obj_scroll.c:110:18:lv_obj_get_scroll_snap_x	0	static
../lvgl/src/core/lv_obj_scroll.c:116:18:lv_obj_get_scroll_snap_y	0	static
../lvgl/src/core/lv_obj_scroll.c:122:9:lv_obj_get_scroll_x	0	static
../lvgl/src/core/lv_obj_scroll.c:128:9:lv_obj_get_scroll_y	0	static
../lvgl/src/core/lv_obj_scroll.c:134:9:lv_obj_get_scroll_top	0	static
../lvgl/src/core/lv_obj_scroll.c:140:9:lv_obj_get_scroll_bottom	48	static
../lvgl/src/core/lv_obj_scroll.c:168:9:lv_obj_get_scroll_left	56	static
../lvgl/src/core/lv_obj_scroll.c:211:9:lv_obj_get_scroll_right	48	static
../lvgl/src/core/lv_obj_scroll.c:248:6:lv_obj_get_scroll_end	16	static
../lvgl/src/core/lv_obj_scroll.c:417:13:lv_obj_scroll_by_raw	16	static
../lvgl/src/core/lv_obj_scroll.c:695:13:scroll_y_anim	0	static
../lvgl/src/core/lv_obj_scroll.c:690:13:scroll_x_anim	0	static
../lvgl/src/core/lv_obj_scroll.c:310:6:lv_obj_scroll_by	120	static
../lvgl/src/core/lv_obj_scroll.c:262:6:lv_obj_scroll_by_bounded	48	static
../lvgl/src/core/lv_obj_scroll.c:373:6:lv_obj_scroll_to_x	24	static
../lvgl/src/core/lv_obj_scroll.c:383:6:lv_obj_scroll_to_y	24	static
../lvgl/src/core/lv_obj_scroll.c:367:6:lv_obj_scroll_to	24	static
../lvgl/src/core/lv_obj_scroll.c:706:13:scroll_area_into_view	88	static
../lvgl/src/core/lv_obj_scroll.c:393:6:lv_obj_scroll_to_view	24	static
../lvgl/src/core/lv_obj_scroll.c:402:6:lv_obj_scroll_to_view_recursive	32	static
../lvgl/src/core/lv_obj_scroll.c:433:6:lv_obj_is_scrolling	16	static
../lvgl/src/core/lv_obj_scroll.c:449:6:lv_obj_stop_scroll_anim	8	static
../lvgl/src/core/lv_obj_scroll.c:455:6:lv_obj_update_snap	24	static
../lvgl/src/core/lv_obj_scroll.c:465:6:lv_obj_get_scrollbar_area	112	static
../lvgl/src/core/lv_obj_scroll.c:641:6:lv_obj_scrollbar_invalidate	40	static
../lvgl/src/core/lv_obj_scroll.c:653:6:lv_obj_readjust_scroll	32	static
