../lvgl/src/core/lv_obj.c:649:13:lv_obj_draw	272	static
../lvgl/src/core/lv_obj.c:567:13:lv_obj_constructor	32	static
../lvgl/src/core/lv_obj.c:1224:13:null_on_delete_cb	8	static
../lvgl/src/core/lv_obj.c:1237:13:screen_create_on_trigger_event_cb	32	static
../lvgl/src/core/lv_obj.c:1280:13:delete_on_screen_unloaded_event_cb	8	static
../lvgl/src/core/lv_obj.c:1247:13:play_timeline_on_trigger_event_cb	32	static
../lvgl/src/core/lv_obj.c:1230:13:screen_load_on_trigger_event_cb	32	static
../lvgl/src/core/lv_obj.c:1076:13:update_obj_state	80	static
../lvgl/src/core/lv_obj.c:1203:13:obj_valid_child.isra	24	static
../lvgl/src/core/lv_obj.c:602:13:lv_obj_destructor	32	static
../lvgl/src/core/lv_obj.c:235:12:lv_obj_create	32	static
../lvgl/src/core/lv_obj.c:253:6:lv_obj_add_flag	72	static
../lvgl/src/core/lv_obj.c:292:6:lv_obj_remove_flag	64	static
../lvgl/src/core/lv_obj.c:320:6:lv_obj_set_flag	0	static
../lvgl/src/core/lv_obj.c:326:6:lv_obj_add_state	40	static
../lvgl/src/core/lv_obj.c:339:6:lv_obj_remove_state	40	static
../lvgl/src/core/lv_obj.c:875:13:lv_obj_event	72	static
../lvgl/src/core/lv_obj.c:352:6:lv_obj_set_state	0	static
../lvgl/src/core/lv_obj.c:358:6:lv_obj_set_radio_button	32	static
../lvgl/src/core/lv_obj.c:368:6:lv_obj_has_flag	32	static
../lvgl/src/core/lv_obj.c:375:6:lv_obj_has_flag_any	32	static
../lvgl/src/core/lv_obj.c:382:12:lv_obj_get_state	32	static
../lvgl/src/core/lv_obj.c:389:6:lv_obj_has_state	32	static
../lvgl/src/core/lv_obj.c:396:6:lv_obj_is_radio_button	32	static
../lvgl/src/core/lv_obj.c:402:14:lv_obj_get_group	32	static
../lvgl/src/core/lv_obj.c:414:6:lv_obj_allocate_spec_attr	32	static
../lvgl/src/core/lv_obj.c:428:6:lv_obj_check_type	0	static
../lvgl/src/core/lv_obj.c:434:6:lv_obj_has_class	0	static
../lvgl/src/core/lv_obj.c:445:24:lv_obj_get_class	0	static
../lvgl/src/core/lv_obj.c:450:6:lv_obj_is_valid	24	static
../lvgl/src/core/lv_obj.c:467:6:lv_obj_null_on_delete	0	static
../lvgl/src/core/lv_obj.c:504:6:lv_obj_add_screen_load_event	48	static
../lvgl/src/core/lv_obj.c:524:6:lv_obj_add_screen_create_event	48	static
../lvgl/src/core/lv_obj.c:539:6:lv_obj_add_play_timeline_event	48	static
../lvgl/src/core/lv_obj.c:553:6:lv_obj_set_user_data	0	static
../lvgl/src/core/lv_obj.c:558:8:lv_obj_get_user_data	0	static
