../lvgl/src/misc/lv_array.c:39:6:lv_array_init	32	static
../lvgl/src/misc/lv_array.c:50:6:lv_array_init_from_buf	32	static
../lvgl/src/misc/lv_array.c:61:6:lv_array_deinit	8	static
../lvgl/src/misc/lv_array.c:72:6:lv_array_copy	32	static
../lvgl/src/misc/lv_array.c:169:6:lv_array_resize	32	static
../lvgl/src/misc/lv_array.c:83:6:lv_array_shrink	0	static
../lvgl/src/misc/lv_array.c:143:13:lv_array_erase	32	static
../lvgl/src/misc/lv_array.c:90:13:lv_array_remove	32	static
../lvgl/src/misc/lv_array.c:116:13:lv_array_remove_unordered	32	static
../lvgl/src/misc/lv_array.c:189:13:lv_array_concat	40	static
../lvgl/src/misc/lv_array.c:206:13:lv_array_push_back	32	static
../lvgl/src/misc/lv_array.c:228:8:lv_array_at	32	static
../lvgl/src/misc/lv_array.c:238:13:lv_array_assign	32	static
