../lvgl/src/misc/lv_math.c:126:9:lv_cubic_bezier.part.0	48	static
../lvgl/src/misc/lv_math.c:52:31:lv_trigo_sin	0	static
../lvgl/src/misc/lv_math.c:126:9:lv_cubic_bezier	4	static
../lvgl/src/misc/lv_math.c:208:28:lv_sqrt	4	static
../lvgl/src/misc/lv_math.c:232:31:lv_sqrt32	0	static
../lvgl/src/misc/lv_math.c:314:10:lv_atan2	0	static
../lvgl/src/misc/lv_math.c:391:9:lv_pow	8	static
../lvgl/src/misc/lv_math.c:414:9:lv_map	0	static
../lvgl/src/misc/lv_math.c:437:6:lv_rand_set_seed	0	static
../lvgl/src/misc/lv_math.c:442:10:lv_rand	0	static
../lvgl/src/misc/lv_math.c:454:31:lv_trigo_cos	0	static
../lvgl/src/misc/lv_math.c:459:9:lv_bezier3	4	static
