../lvgl/src/misc/lv_style.c:184:6:lv_style_init	0	static
../lvgl/src/misc/lv_style.c:198:6:lv_style_reset	8	static
../lvgl/src/misc/lv_style.c:256:17:lv_style_register_prop	40	static
../lvgl/src/misc/lv_style.c:287:17:lv_style_get_num_custom_props	0	static
../lvgl/src/misc/lv_style.c:292:6:lv_style_remove_prop	32	static
../lvgl/src/misc/lv_style.c:345:6:lv_style_set_prop	32	static
../lvgl/src/misc/lv_style.c:222:6:lv_style_merge	32	static
../lvgl/src/misc/lv_style.c:210:6:lv_style_copy	24	static
../lvgl/src/misc/lv_style.c:400:16:lv_style_get_prop	8	static
../lvgl/src/misc/lv_style.c:405:6:lv_style_transition_dsc_init	24	static
../lvgl/src/misc/lv_style.c:416:18:lv_style_prop_get_default	8	static
../lvgl/src/misc/lv_style.c:499:6:lv_style_is_empty	0	static
../lvgl/src/misc/lv_style.c:506:9:lv_style_prop_lookup_flags	0	static
