../lvgl/src/misc/lv_text.c:566:16:lv_text_utf8_size	0	static
../lvgl/src/misc/lv_text.c:648:17:lv_text_utf8_next	16	static
../lvgl/src/misc/lv_text.c:781:17:lv_text_utf8_get_char_id	24	static
../lvgl/src/misc/lv_text.c:800:17:lv_text_utf8_get_length	24	static
../lvgl/src/misc/lv_text.c:620:17:lv_text_utf8_conv_wc	24	static
../lvgl/src/misc/lv_text.c:584:17:lv_text_unicode_to_utf8	0	static
../lvgl/src/misc/lv_text.c:761:17:lv_text_utf8_get_byte_id	12	static
../lvgl/src/misc/lv_text.c:728:17:lv_text_utf8_prev	24	static
../lvgl/src/misc/lv_text.c:344:10:lv_text_get_next_line.part.0	120	static
../lvgl/src/misc/lv_text.c:91:6:lv_text_attributes_init	0	static
../lvgl/src/misc/lv_text.c:162:6:lv_text_is_cmd	0	static
../lvgl/src/misc/lv_text.c:344:10:lv_text_get_next_line	8	static
../lvgl/src/misc/lv_text.c:430:9:lv_text_get_width	48	static
../lvgl/src/misc/lv_text.c:108:6:lv_text_get_size_attributes	56	static
../lvgl/src/misc/lv_text.c:96:6:lv_text_get_size	40	static
../lvgl/src/misc/lv_text.c:471:6:lv_text_ins	24	static
../lvgl/src/misc/lv_text.c:492:6:lv_text_cut	16	static
../lvgl/src/misc/lv_text.c:508:8:lv_text_set_text_vfmt	48	static
../lvgl/src/misc/lv_text.c:550:6:lv_text_encoded_letter_next_2	24	static
