../lvgl/src/widgets/dropdown/lv_dropdown.c:752:13:lv_dropdownlist_destructor	0	static
../lvgl/src/widgets/dropdown/lv_dropdown.c:720:13:lv_dropdown_destructor	8	static
../lvgl/src/widgets/dropdown/lv_dropdown.c:737:13:lv_dropdownlist_constructor	8	static
../lvgl/src/widgets/dropdown/lv_dropdown.c:1300:13:dropdown_value_changed_event_cb	32	static
../lvgl/src/widgets/dropdown/lv_dropdown.c:1246:17:get_id_on_point	24	static
../lvgl/src/widgets/dropdown/lv_dropdown.c:1270:13:position_to_selected	32	static
../lvgl/src/widgets/dropdown/lv_dropdown.c:1071:13:draw_box	224	static
../lvgl/src/widgets/dropdown/lv_dropdown.c:1111:13:draw_box_label	208	static
../lvgl/src/widgets/dropdown/lv_dropdown.c:1308:13:dropdown_value_observer_cb	32	static
../lvgl/src/widgets/dropdown/lv_dropdown.c:152:12:lv_dropdown_create	8	static
../lvgl/src/widgets/dropdown/lv_dropdown.c:164:6:lv_dropdown_set_text	32	static
../lvgl/src/widgets/dropdown/lv_dropdown.c:182:6:lv_dropdown_set_text_static	32	static
../lvgl/src/widgets/dropdown/lv_dropdown.c:194:6:lv_dropdown_set_options	40	static
../lvgl/src/widgets/dropdown/lv_dropdown.c:241:6:lv_dropdown_set_options_static	32	static
../lvgl/src/widgets/dropdown/lv_dropdown.c:687:13:lv_dropdown_constructor	16	static
../lvgl/src/widgets/dropdown/lv_dropdown.c:270:6:lv_dropdown_add_option	48	static
../lvgl/src/widgets/dropdown/lv_dropdown.c:342:6:lv_dropdown_clear_options	32	static
../lvgl/src/widgets/dropdown/lv_dropdown.c:359:6:lv_dropdown_set_selected	32	static
../lvgl/src/widgets/dropdown/lv_dropdown.c:376:6:lv_dropdown_set_dir	32	static
../lvgl/src/widgets/dropdown/lv_dropdown.c:388:6:lv_dropdown_set_symbol	32	static
../lvgl/src/widgets/dropdown/lv_dropdown.c:397:6:lv_dropdown_set_selected_highlight	32	static
../lvgl/src/widgets/dropdown/lv_dropdown.c:410:12:lv_dropdown_get_list	32	static
../lvgl/src/widgets/dropdown/lv_dropdown.c:418:14:lv_dropdown_get_text	32	static
../lvgl/src/widgets/dropdown/lv_dropdown.c:426:14:lv_dropdown_get_options	32	static
../lvgl/src/widgets/dropdown/lv_dropdown.c:434:10:lv_dropdown_get_selected	32	static
../lvgl/src/widgets/dropdown/lv_dropdown.c:443:10:lv_dropdown_get_option_count	32	static
../lvgl/src/widgets/dropdown/lv_dropdown.c:452:6:lv_dropdown_get_selected_str	40	static
../lvgl/src/widgets/dropdown/lv_dropdown.c:899:13:draw_main	488	static
../lvgl/src/widgets/dropdown/lv_dropdown.c:486:9:lv_dropdown_get_option_index	40	static
../lvgl/src/widgets/dropdown/lv_dropdown.c:510:14:lv_dropdown_get_symbol	32	static
../lvgl/src/widgets/dropdown/lv_dropdown.c:517:6:lv_dropdown_get_selected_highlight	32	static
../lvgl/src/widgets/dropdown/lv_dropdown.c:524:10:lv_dropdown_get_dir	32	static
../lvgl/src/widgets/dropdown/lv_dropdown.c:535:6:lv_dropdown_open	48	static
../lvgl/src/widgets/dropdown/lv_dropdown.c:633:6:lv_dropdown_close	32	static
../lvgl/src/widgets/dropdown/lv_dropdown.c:864:13:lv_dropdown_list_event	56	static
../lvgl/src/widgets/dropdown/lv_dropdown.c:1159:20:btn_release_handler.isra	40	static
../lvgl/src/widgets/dropdown/lv_dropdown.c:761:13:lv_dropdown_event	40	static
../lvgl/src/widgets/dropdown/lv_dropdown.c:646:6:lv_dropdown_is_open	32	static
../lvgl/src/widgets/dropdown/lv_dropdown.c:656:17:lv_dropdown_bind_value	32	static
