../App/UI/screen_gpio.c:74:13:event_back_handler	16	static
../App/UI/screen_gpio.c:122:13:event_fmt0_handler	16	static
../App/UI/screen_gpio.c:170:13:event_fmt1_handler	16	static
../App/UI/screen_gpio.c:219:13:event_mute_handler	16	static
../App/UI/screen_gpio.c:267:13:event_analog_handler	16	static
../App/UI/screen_gpio.c:315:13:event_dsp1_handler	16	static
../App/UI/screen_gpio.c:363:13:event_dsp2_handler	16	static
../App/UI/screen_gpio.c:412:13:event_toslink_handler	16	static
../App/UI/screen_gpio.c:460:13:event_impedance_handler	16	static
../App/UI/screen_gpio.c:68:6:update_gpio_screen	0	static
../App/UI/screen_gpio.c:89:6:Set_backlight	40	static
../App/UI/screen_gpio.c:137:6:Set_fmt0_aes	40	static
../App/UI/screen_gpio.c:185:6:Set_fmt1_aes	40	static
../App/UI/screen_gpio.c:234:6:Set_mute	40	static
../App/UI/screen_gpio.c:282:6:Set_Analog	40	static
../App/UI/screen_gpio.c:330:6:Set_DSP1	40	static
../App/UI/screen_gpio.c:378:6:Set_DSP2	40	static
../App/UI/screen_gpio.c:427:6:Set_Toslink	40	static
../App/UI/screen_gpio.c:475:6:Set_Impedance	40	static
../App/UI/screen_gpio.c:508:6:print_line_1	24	static
../App/UI/screen_gpio.c:41:6:screen_gpio	24	static
