../App/UI/screen_debug.c:119:13:lv_spinbox_right_decrement_event_cb	8	static
../App/UI/screen_debug.c:103:13:lv_spinbox_left_decrement_event_cb	8	static
../App/UI/screen_debug.c:218:13:lv_spinbox_out_right_decrement_event_cb	8	static
../App/UI/screen_debug.c:202:13:lv_spinbox_out_left_decrement_event_cb	8	static
../App/UI/screen_debug.c:316:13:lv_spinbox_mpx2_decrement_event_cb	8	static
../App/UI/screen_debug.c:300:13:lv_spinbox_mpx1_decrement_event_cb	8	static
../App/UI/screen_debug.c:414:13:lv_spinbox_phone_decrement_event_cb	8	static
../App/UI/screen_debug.c:398:13:lv_spinbox_digital_decrement_event_cb	8	static
../App/UI/screen_debug.c:111:13:lv_spinbox_right_increment_event_cb	8	static
../App/UI/screen_debug.c:95:13:lv_spinbox_left_increment_event_cb	8	static
../App/UI/screen_debug.c:210:13:lv_spinbox_out_right_increment_event_cb	8	static
../App/UI/screen_debug.c:194:13:lv_spinbox_out_left_increment_event_cb	8	static
../App/UI/screen_debug.c:308:13:lv_spinbox_mpx2_increment_event_cb	8	static
../App/UI/screen_debug.c:292:13:lv_spinbox_mpx1_increment_event_cb	8	static
../App/UI/screen_debug.c:406:13:lv_spinbox_phone_increment_event_cb	8	static
../App/UI/screen_debug.c:390:13:lv_spinbox_digital_increment_event_cb	8	static
../App/UI/screen_debug.c:536:13:event_btn5_handler	16	static
../App/UI/screen_debug.c:524:13:event_btn4_handler	16	static
../App/UI/screen_debug.c:512:13:event_btn3_handler	16	static
../App/UI/screen_debug.c:500:13:event_btn2_handler	16	static
../App/UI/screen_debug.c:89:6:update_debug_screen	0	static
../App/UI/screen_debug.c:127:6:Vol_in_XLR	40	static
../App/UI/screen_debug.c:226:6:Vol_out_XLR	40	static
../App/UI/screen_debug.c:324:6:Vol_MPX	40	static
../App/UI/screen_debug.c:422:6:Vol_Digital	40	static
../App/UI/screen_debug.c:548:6:Button_Menu	24	static
../App/UI/screen_debug.c:42:6:screen_debug	24	static
../App/UI/screen_debug.c:488:13:event_btn1_handler	16	static
