../App/UI/screen_dac.c:56:13:lv_spinbox_dac1_decrement_event_cb	8	static
../App/UI/screen_dac.c:112:13:lv_spinbox_dac2_decrement_event_cb	8	static
../App/UI/screen_dac.c:168:13:lv_spinbox_dac3_decrement_event_cb	8	static
../App/UI/screen_dac.c:48:13:lv_spinbox_dac1_increment_event_cb	8	static
../App/UI/screen_dac.c:104:13:lv_spinbox_dac2_increment_event_cb	8	static
../App/UI/screen_dac.c:160:13:lv_spinbox_dac3_increment_event_cb	8	static
../App/UI/screen_dac.c:64:6:DAC_1	40	static
../App/UI/screen_dac.c:120:6:DAC_2	40	static
../App/UI/screen_dac.c:176:6:DAC_3	40	static
../App/UI/screen_dac.c:27:6:screen_dac	24	static
