../lvgl/src/widgets/spinner/lv_spinner.c:153:13:arc_anim_start_angle	0	static
../lvgl/src/widgets/spinner/lv_spinner.c:158:13:arc_anim_end_angle	0	static
../lvgl/src/widgets/spinner/lv_spinner.c:70:12:lv_spinner_create	8	static
../lvgl/src/widgets/spinner/lv_spinner.c:77:6:lv_spinner_set_anim_params	128	static
../lvgl/src/widgets/spinner/lv_spinner.c:142:13:lv_spinner_constructor	8	static
../lvgl/src/widgets/spinner/lv_spinner.c:108:6:lv_spinner_set_anim_duration	32	static
../lvgl/src/widgets/spinner/lv_spinner.c:116:6:lv_spinner_set_arc_sweep	32	static
../lvgl/src/widgets/spinner/lv_spinner.c:124:10:lv_spinner_get_anim_duration	32	static
../lvgl/src/widgets/spinner/lv_spinner.c:131:10:lv_spinner_get_arc_sweep	32	static
