../lvgl/src/widgets/line/lv_line.c:155:13:lv_line_constructor	0	static
../lvgl/src/widgets/line/lv_line.c:196:13:lv_line_event	152	static
../lvgl/src/widgets/line/lv_line.c:68:12:lv_line_create	8	static
../lvgl/src/widgets/line/lv_line.c:80:6:lv_line_set_points	32	static
../lvgl/src/widgets/line/lv_line.c:85:6:lv_line_set_points_mutable	32	static
../lvgl/src/widgets/line/lv_line.c:90:6:lv_line_set_y_invert	32	static
../lvgl/src/widgets/line/lv_line.c:106:28:lv_line_get_points	32	static
../lvgl/src/widgets/line/lv_line.c:114:10:lv_line_get_point_count	32	static
../lvgl/src/widgets/line/lv_line.c:122:6:lv_line_is_point_array_mutable	32	static
../lvgl/src/widgets/line/lv_line.c:130:22:lv_line_get_points_mutable	32	static
../lvgl/src/widgets/line/lv_line.c:142:6:lv_line_get_y_invert	32	static
